### PIPELINE RUN: WEN-HAN VOIDS x CMB LENSING PROFILES ###
Output: /home/ftoscano/Doctorado/Proyectos/WHVoidsCMB/New_Results/lensing

>>> STEP 1: STACKING (Lensing)
######### CMB LENSING PROFILES USING WH VOIDS CATALOGUE [PARALLEL] #########
Configuration: Release=PR4 | Mode=errors | Binning=redshift | n_workers=30
Output Run Folder: /home/ftoscano/Doctorado/Proyectos/WHVoidsCMB/New_Results/lensing/WH_PR4_redshift_1bins_errors_0.1_0.5_35.0_70.0_maxRv2.5_0.0125Rvperpix_d23_all_wiener

Reading PR4 CMB Convergence map...
Wiener filter applied. W_ell range: W[10]=0.471, W[100]=0.406, W[500]=0.042, W[1000]=0.008
CMB map filtered with Wiener filter.

Reading WH voids catalogue...
Reading 100 voids catalogues identified with different random seeds...
All voids data loaded.


Binning data...
Merging 100 seeds into a single catalogue (DBSCAN dedup)...
[seed_merge] DBSCAN eps=8.0 Mpc/h, min_samples=40: 720 real voids, 14340 points discarded (noise).
[seed_merge] Catálogo final: 720 voids. Mediana semillas/void = 85; R_void scatter medio = 0.72 Mpc/h.
Bin 1: concat mean N=718.3 | merged N=720
 
Binning completed.


######### Doing profiles #########

--- Processing Bin 1 ---
Merged stack: 720 unique voids
[parallel] Bin z in [0.10,0.50], 720 voids (mean z=0.385), n_workers=30...
[parallel] 30 additional longitude-shift rotations...
[parallel] 30 additional random realizations...
[parallel] Computing signal stack and errors...
[parallel] Dividing 720 voids into 15 jackknife regions (KMeans)...

######### MEDIAN VOID RADIUS PER SAMPLE [Mpc/h] #########
 Bin  Catalog      z_range        N  med(Rv)   med(Rv) per seed
   1   merged    0.10_0.50      720    37.63

Saving results...
Stacked maps + profiles + significance plot saved to /home/ftoscano/Doctorado/Proyectos/WHVoidsCMB/New_Results/lensing/WH_PR4_redshift_1bins_errors_0.1_0.5_35.0_70.0_maxRv2.5_0.0125Rvperpix_d23_all_wiener/Stacked_Maps_NullTests_WH_PR4_redshift_1bins_errors_0.1_0.5_35.0_70.0_maxRv2.5_0.0125Rvperpix_d23_all_wiener.pdf
Data saved in: /home/ftoscano/Doctorado/Proyectos/WHVoidsCMB/New_Results/lensing/WH_PR4_redshift_1bins_errors_0.1_0.5_35.0_70.0_maxRv2.5_0.0125Rvperpix_d23_all_wiener/Data_FullRun_WH_PR4_redshift_1bins_errors_0.1_0.5_35.0_70.0_maxRv2.5_0.0125Rvperpix_d23_all_wiener.pkl

=== FINISHED ===
